iSQL> SELECT 
       CNTRYCODE,
       COUNT(*) AS NUMCUST,
       SUM(C_ACCTBAL) AS TOTACCTBAL
FROM ( SELECT SUBSTRING(C_PHONE,1,2) AS CNTRYCODE,
              C_ACCTBAL
       FROM CUSTOMER
       WHERE SUBSTRING(C_PHONE, 1, 2) 
             IN ('13', '31', '23', '29', '30', '18', '17')
         AND C_ACCTBAL > (	SELECT AVG(C_ACCTBAL)
                            FROM CUSTOMER
                            WHERE C_ACCTBAL > 0.00
                              AND SUBSTRING(C_PHONE, 1, 2) 
                               IN ('13', '31', '23', '29', '30', '18', '17') )
         AND NOT EXISTS ( SELECT *
                          FROM ORDERS
                          WHERE O_CUSTKEY = C_CUSTKEY )
     ) CUSTSALE
GROUP BY CNTRYCODE
ORDER BY CNTRYCODE;
CNTRYCODE        NUMCUST              TOTACCTBAL             
-----------------------------------------------------------------
13               888                  6737713.99             
17               861                  6460573.72             
18               964                  7236687.40000001       
23               892                  6701457.95000001       
29               948                  7158866.63             
30               909                  6808436.13             
31               922                  6806670.17999999       
7 rows selected.
